{
  "version": "1.5.0",
  "plugins_used": [
    {
      "name": "ArtifactoryDetector"
    },
    {
      "name": "AWSKeyDetector"
    },
    {
      "name": "AzureStorageKeyDetector"
    },
    {
      "name": "Base64HighEntropyString",
      "limit": 4.5
    },
    {
      "name": "BasicAuthDetector"
    },
    {
      "name": "CloudantDetector"
    },
    {
      "name": "DiscordBotTokenDetector"
    },
    {
      "name": "GitHubTokenDetector"
    },
    {
      "name": "GitLabTokenDetector"
    },
    {
      "name": "HexHighEntropyString",
      "limit": 3.0
    },
    {
      "name": "IbmCloudIamDetector"
    },
    {
      "name": "IbmCosHmacDetector"
    },
    {
      "name": "IPPublicDetector"
    },
    {
      "name": "JwtTokenDetector"
    },
    {
      "name": "KeywordDetector",
      "keyword_exclude": ""
    },
    {
      "name": "MailchimpDetector"
    },
    {
      "name": "NpmDetector"
    },
    {
      "name": "OpenAIDetector"
    },
    {
      "name": "PrivateKeyDetector"
    },
    {
      "name": "PypiTokenDetector"
    },
    {
      "name": "SendGridDetector"
    },
    {
      "name": "SlackDetector"
    },
    {
      "name": "SoftlayerDetector"
    },
    {
      "name": "SquareOAuthDetector"
    },
    {
      "name": "StripeDetector"
    },
    {
      "name": "TelegramBotTokenDetector"
    },
    {
      "name": "TwilioKeyDetector"
    }
  ],
  "filters_used": [
    {
      "path": "detect_secrets.filters.allowlist.is_line_allowlisted"
    },
    {
      "path": "detect_secrets.filters.common.is_ignored_due_to_verification_policies",
      "min_level": 2
    },
    {
      "path": "detect_secrets.filters.heuristic.is_indirect_reference"
    },
    {
      "path": "detect_secrets.filters.heuristic.is_likely_id_string"
    },
    {
      "path": "detect_secrets.filters.heuristic.is_lock_file"
    },
    {
      "path": "detect_secrets.filters.heuristic.is_not_alphanumeric_string"
    },
    {
      "path": "detect_secrets.filters.heuristic.is_potential_uuid"
    },
    {
      "path": "detect_secrets.filters.heuristic.is_prefixed_with_dollar_sign"
    },
    {
      "path": "detect_secrets.filters.heuristic.is_sequential_string"
    },
    {
      "path": "detect_secrets.filters.heuristic.is_swagger_file"
    },
    {
      "path": "detect_secrets.filters.heuristic.is_templated_secret"
    },
    {
      "path": "detect_secrets.filters.regex.should_exclude_file",
      "pattern": [
        "\\.env\\.example$",
        "\\.pptx$",
        "\\.png$"
      ]
    }
  ],
  "results": {
    "ARCHITECTURE.md": [
      {
        "type": "Artifactory Credentials",
        "filename": "ARCHITECTURE.md",
        "hashed_secret": "f0361e9a629374c7dc965441a3ba6972e6aedb07",
        "is_verified": false,
        "line_number": 134
      }
    ],
    "create_deck.js": [
      {
        "type": "Artifactory Credentials",
        "filename": "create_deck.js",
        "hashed_secret": "e97c285dc51104c9d31fa615c041a3a1680f84d6",
        "is_verified": false,
        "line_number": 288
      }
    ],
    "gateway/payment_gateway.py": [
      {
        "type": "Artifactory Credentials",
        "filename": "gateway/payment_gateway.py",
        "hashed_secret": "7925d27f87ee060dba99dce2f75d46e31c4fd3fa",
        "is_verified": false,
        "line_number": 25
      }
    ],
    "main.py": [
      {
        "type": "Artifactory Credentials",
        "filename": "main.py",
        "hashed_secret": "7925d27f87ee060dba99dce2f75d46e31c4fd3fa",
        "is_verified": false,
        "line_number": 62
      }
    ],
    "tests/conftest.py": [
      {
        "type": "Artifactory Credentials",
        "filename": "tests/conftest.py",
        "hashed_secret": "7925d27f87ee060dba99dce2f75d46e31c4fd3fa",
        "is_verified": false,
        "line_number": 32
      }
    ],
    "tools/context.py": [
      {
        "type": "Artifactory Credentials",
        "filename": "tools/context.py",
        "hashed_secret": "7925d27f87ee060dba99dce2f75d46e31c4fd3fa",
        "is_verified": false,
        "line_number": 24
      }
    ],
    "ucp/ap2_extension.py": [
      {
        "type": "Artifactory Credentials",
        "filename": "ucp/ap2_extension.py",
        "hashed_secret": "e97c285dc51104c9d31fa615c041a3a1680f84d6",
        "is_verified": false,
        "line_number": 1
      }
    ],
    "web/session.py": [
      {
        "type": "Artifactory Credentials",
        "filename": "web/session.py",
        "hashed_secret": "7925d27f87ee060dba99dce2f75d46e31c4fd3fa",
        "is_verified": false,
        "line_number": 45
      }
    ]
  },
  "generated_at": "2026-06-01T21:38:45Z"
}
